// Vitest Snapshot v1, https://vitest.dev/guide/snapshot.html

exports[`parseClassHelp > parses classhelp.txt correctly (snapshot) 1`] = `
{
  "Ahriman": {
    "Monster": {
      "baseStats": {
        "cEvPercent": 19,
        "hp": 218,
        "jump": 5,
        "ma": 37,
        "move": 5,
        "mp": 20,
        "pa": 16,
        "speed": 8,
      },
      "gender": "Monster",
      "innates": [
        "Counter",
        "Fly",
        "Landlocked",
        "Magic Defense UP",
      ],
      "name": "Ahriman",
      "raw": "Ahriman's base stats: 218 HP, 20 MP, 5 Move, 5 Jump, 8 Speed, 16 PA, 37 MA, 19% C-EV. Innate: Counter, Fly, Landlocked, Magic Defense UP. Elements: Half-Wind&Earth&Water&Holy&Dark, Weak-Lightning.",
    },
  },
  "Apanda": {
    "Monster": {
      "baseStats": {
        "cEvPercent": 11,
        "hp": 408,
        "jump": 6,
        "ma": 12,
        "move": 4,
        "mp": 72,
        "pa": 13,
        "speed": 7,
      },
      "gender": "Monster",
      "innates": [
        "Counter",
        "Landlocked",
        "Ignore Height",
        "Short Charge",
      ],
      "name": "Apanda",
      "raw": "Apanda's base stats: 408 HP, 72 MP, 4 Move, 6 Jump, 7 Speed, 13 PA, 12 MA, 11% C-EV. Innate: Counter, Landlocked, Ignore Height, Short Charge. Elements: Half-Ice, Weak-Fire.",
    },
  },
  "ArchaicDemon": {
    "Monster": {
      "baseStats": {
        "cEvPercent": 6,
        "hp": 319,
        "jump": 3,
        "ma": 16,
        "move": 4,
        "mp": 109,
        "pa": 15,
        "speed": 8,
      },
      "gender": "Monster",
      "innates": [
        "Counter",
        "Landlocked",
        "Secret Hunt",
        "Short Charge",
      ],
      "name": "ArchaicDemon",
      "raw": "ArchaicDemon's base stats: 319 HP, 109 MP, 4 Move, 3 Jump, 8 Speed, 15 PA, 16 MA, 6% C-EV. Innate: Counter, Landlocked, Secret Hunt, Short Charge. Elements: Cancel-Holy, Half-Lightning&Dark.",
    },
  },
  "Archer": {
    "Female": {
      "baseStats": {
        "cEvPercent": 17,
        "hp": 154,
        "jump": 3,
        "ma": 8,
        "move": 3,
        "mp": 39,
        "pa": 9,
        "speed": 10,
      },
      "gender": "Female",
      "innates": [
        "Charge",
      ],
      "name": "Archer",
      "raw": "Archer Female's base stats: 154 HP, 39 MP, 3 Move, 3 Jump, 10 Speed, 9 PA, 8 MA, 17% C-EV. Innate: Charge. Equips: Guns, Crossbows, Bows, Shields, Hats, Clothing.",
    },
    "Male": {
      "baseStats": {
        "cEvPercent": 17,
        "hp": 165,
        "jump": 3,
        "ma": 6,
        "move": 3,
        "mp": 36,
        "pa": 11,
        "speed": 10,
      },
      "gender": "Male",
      "innates": [
        "Charge",
      ],
      "name": "Archer",
      "raw": "Archer Male's base stats: 165 HP, 36 MP, 3 Move, 3 Jump, 10 Speed, 11 PA, 6 MA, 17% C-EV. Innate: Charge. Equips: Guns, Crossbows, Bows, Shields, Hats, Clothing.",
    },
  },
  "Bard": {
    "Male": {
      "baseStats": {
        "cEvPercent": 10,
        "hp": 123,
        "jump": 3,
        "ma": 9,
        "move": 3,
        "mp": 48,
        "pa": 8,
        "speed": 9,
      },
      "gender": "Male",
      "innates": [
        "Sing",
      ],
      "name": "Bard",
      "raw": "Bard Male's base stats: 123 HP, 48 MP, 3 Move, 3 Jump, 9 Speed, 8 PA, 9 MA, 10% C-EV. Innate: Sing. Equips: Bows, Harps, Hats, Clothing.",
    },
  },
  "Behemoth": {
    "Monster": {
      "baseStats": {
        "cEvPercent": 13,
        "hp": 475,
        "jump": 4,
        "ma": 41,
        "move": 4,
        "mp": 26,
        "pa": 17,
        "speed": 9,
      },
      "gender": "Monster",
      "innates": [
        "Counter",
        "Landlocked",
        "Secret Hunt",
      ],
      "name": "Behemoth",
      "raw": "Behemoth's base stats: 475 HP, 26 MP, 4 Move, 4 Jump, 9 Speed, 17 PA, 41 MA, 13% C-EV. Innate: Counter, Landlocked, Secret Hunt. Elements: Half-Wind&Earth, Weak-Dark.",
    },
  },
  "BlackChocobo": {
    "Monster": {
      "baseStats": {
        "cEvPercent": 25,
        "hp": 236,
        "jump": 5,
        "ma": 41,
        "move": 6,
        "mp": 32,
        "pa": 18,
        "speed": 8,
      },
      "gender": "Monster",
      "innates": [
        "Counter",
        "Fly",
      ],
      "name": "BlackChocobo",
      "raw": "BlackChocobo's base stats: 236 HP, 32 MP, 6 Move, 5 Jump, 8 Speed, 18 PA, 41 MA, 25% C-EV. Innate: Counter, Fly. Elements: Half-Earth&Dark, Weak-Wind.",
    },
  },
  "BlackGoblin": {
    "Monster": {
      "baseStats": {
        "cEvPercent": 21,
        "hp": 251,
        "jump": 3,
        "ma": 34,
        "move": 5,
        "mp": 7,
        "pa": 12,
        "speed": 8,
      },
      "gender": "Monster",
      "innates": [
        "Counter",
        "Beastmaster",
      ],
      "name": "BlackGoblin",
      "raw": "BlackGoblin's base stats: 251 HP, 7 MP, 5 Move, 3 Jump, 8 Speed, 12 PA, 34 MA, 21% C-EV. Innate: Counter, Beastmaster. Elements: Half-Lightning, Weak-Ice.",
    },
  },
  "BlueDragon": {
    "Monster": {
      "baseStats": {
        "cEvPercent": 9,
        "hp": 481,
        "jump": 3,
        "ma": 41,
        "move": 5,
        "mp": 24,
        "pa": 17,
        "speed": 9,
      },
      "gender": "Monster",
      "innates": [
        "Counter",
        "Landlocked",
      ],
      "name": "BlueDragon",
      "raw": "BlueDragon's base stats: 481 HP, 24 MP, 5 Move, 3 Jump, 9 Speed, 17 PA, 41 MA, 9% C-EV. Innate: Counter, Landlocked. Elements: Absorb-Ice, Weak-Lightning.",
    },
  },
  "Bomb": {
    "Monster": {
      "baseStats": {
        "cEvPercent": 14,
        "hp": 221,
        "jump": 3,
        "ma": 38,
        "move": 4,
        "mp": 4,
        "pa": 13,
        "speed": 10,
      },
      "gender": "Monster",
      "innates": [
        "Counter",
        "Levitate",
      ],
      "name": "Bomb",
      "raw": "Bomb's base stats: 221 HP, 4 MP, 4 Move, 3 Jump, 10 Speed, 13 PA, 38 MA, 14% C-EV. Innate: Counter, Levitate. Elements: Absorb-Fire, Cancel-Earth, Half-Ice, Weak-Water.",
    },
  },
  "BullDemon": {
    "Monster": {
      "baseStats": {
        "cEvPercent": 16,
        "hp": 429,
        "jump": 3,
        "ma": 39,
        "move": 5,
        "mp": 1,
        "pa": 18,
        "speed": 8,
      },
      "gender": "Monster",
      "innates": [
        "Counter",
        "Landlocked",
      ],
      "name": "BullDemon",
      "raw": "BullDemon's base stats: 429 HP, 1 MP, 5 Move, 3 Jump, 8 Speed, 18 PA, 39 MA, 16% C-EV. Innate: Counter, Landlocked. Elements: Half-Earth, Weak-Water.",
    },
  },
  "Byblos": {
    "Monster": {
      "baseStats": {
        "cEvPercent": 33,
        "hp": 379,
        "jump": 6,
        "ma": 12,
        "move": 3,
        "mp": 66,
        "pa": 12,
        "speed": 8,
      },
      "gender": "Monster",
      "innates": [
        "Counter",
        "Landlocked",
        "Ignore Height",
        "Move-HP Up",
      ],
      "name": "Byblos",
      "raw": "Byblos's base stats: 379 HP, 66 MP, 3 Move, 6 Jump, 8 Speed, 12 PA, 12 MA, 33% C-EV. Innate: Counter, Landlocked, Ignore Height, Move-HP Up. Elements: Half-Ice, Weak-Fire.",
    },
  },
  "Calculator": {
    "Female": {
      "baseStats": {
        "cEvPercent": 3,
        "hp": 101,
        "jump": 3,
        "ma": 8,
        "move": 3,
        "mp": 67,
        "pa": 5,
        "speed": 7,
      },
      "gender": "Female",
      "innates": [
        "Math Skill",
      ],
      "name": "Calculator",
      "raw": "Calculator Female's base stats: 101 HP, 67 MP, 3 Move, 3 Jump, 7 Speed, 5 PA, 8 MA, 3% C-EV. Innate: Math Skill. Equips: Rods, Books, Poles, Hats, Clothing, Robes, if Blue Mage [Helmets and Armor].",
    },
    "Male": {
      "baseStats": {
        "cEvPercent": 3,
        "hp": 108,
        "jump": 3,
        "ma": 6,
        "move": 3,
        "mp": 63,
        "pa": 7,
        "speed": 7,
      },
      "gender": "Male",
      "innates": [
        "Math Skill",
      ],
      "name": "Calculator",
      "raw": "Calculator Male's base stats: 108 HP, 63 MP, 3 Move, 3 Jump, 7 Speed, 7 PA, 6 MA, 3% C-EV. Innate: Math Skill. Equips: Rods, Books, Poles, Hats, Clothing, Robes, if Blue Mage [Helmets and Armor].",
    },
  },
  "Chemist": {
    "Female": {
      "baseStats": {
        "cEvPercent": 5,
        "hp": 135,
        "jump": 3,
        "ma": 7,
        "move": 3,
        "mp": 45,
        "pa": 5,
        "speed": 8,
      },
      "gender": "Female",
      "innates": [
        "Item",
        "Throw Item",
      ],
      "name": "Chemist",
      "raw": "Chemist Female's base stats: 135 HP, 45 MP, 3 Move, 3 Jump, 8 Speed, 5 PA, 7 MA, 5% C-EV. Innate: Item, Throw Item. Equips: Knives, Guns, Bags, Hats, Clothing.",
    },
    "Male": {
      "baseStats": {
        "cEvPercent": 5,
        "hp": 144,
        "jump": 3,
        "ma": 6,
        "move": 3,
        "mp": 42,
        "pa": 6,
        "speed": 8,
      },
      "gender": "Male",
      "innates": [
        "Item",
        "Throw Item",
      ],
      "name": "Chemist",
      "raw": "Chemist Male's base stats: 144 HP, 42 MP, 3 Move, 3 Jump, 8 Speed, 6 PA, 6 MA, 5% C-EV. Innate: Item, Throw Item. Equips: Knives, Guns, Bags, Hats, Clothing.",
    },
  },
  "Chocobo": {
    "Monster": {
      "baseStats": {
        "cEvPercent": 20,
        "hp": 277,
        "jump": 5,
        "ma": 36,
        "move": 6,
        "mp": 21,
        "pa": 12,
        "speed": 9,
      },
      "gender": "Monster",
      "innates": [
        "Counter",
      ],
      "name": "Chocobo",
      "raw": "Chocobo's base stats: 277 HP, 21 MP, 6 Move, 5 Jump, 9 Speed, 12 PA, 36 MA, 20% C-EV. Innate: Counter. Elements: Half-Lightning, Weak-Wind.",
    },
  },
  "Cockatrice": {
    "Monster": {
      "baseStats": {
        "cEvPercent": 34,
        "hp": 262,
        "jump": 6,
        "ma": 39,
        "move": 6,
        "mp": 2,
        "pa": 18,
        "speed": 10,
      },
      "gender": "Monster",
      "innates": [
        "Counter",
        "Fly",
        "Landlocked",
      ],
      "name": "Cockatrice",
      "raw": "Cockatrice's base stats: 262 HP, 2 MP, 6 Move, 6 Jump, 10 Speed, 18 PA, 39 MA, 34% C-EV. Innate: Counter, Fly, Landlocked. Elements: Absorb-Wind, Weak-Earth.",
    },
  },
  "Coeurl": {
    "Monster": {
      "baseStats": {
        "cEvPercent": 28,
        "hp": 268,
        "jump": 5,
        "ma": 41,
        "move": 4,
        "mp": 13,
        "pa": 14,
        "speed": 11,
      },
      "gender": "Monster",
      "innates": [
        "Counter",
        "Landlocked",
        "Ignore Height",
        "Retreat",
      ],
      "name": "Coeurl",
      "raw": "Coeurl's base stats: 268 HP, 13 MP, 4 Move, 5 Jump, 11 Speed, 14 PA, 41 MA, 28% C-EV. Innate: Counter, Landlocked, Ignore Height, Retreat. Elements: Half-Ice, Weak-Earth.",
    },
  },
  "Dancer": {
    "Female": {
      "baseStats": {
        "cEvPercent": 10,
        "hp": 124,
        "jump": 3,
        "ma": 9,
        "move": 3,
        "mp": 47,
        "pa": 8,
        "speed": 9,
      },
      "gender": "Female",
      "innates": [
        "Dance",
      ],
      "name": "Dancer",
      "raw": "Dancer Female's base stats: 124 HP, 47 MP, 3 Move, 3 Jump, 9 Speed, 8 PA, 9 MA, 10% C-EV. Innate: Dance. Equips: Knives, Bags, Fabrics, Hats, Clothing.",
    },
  },
  "DarkBehemoth": {
    "Monster": {
      "baseStats": {
        "cEvPercent": 18,
        "hp": 495,
        "jump": 3,
        "ma": 41,
        "move": 4,
        "mp": 35,
        "pa": 26,
        "speed": 9,
      },
      "gender": "Monster",
      "innates": [
        "Counter",
        "Landlocked",
      ],
      "name": "DarkBehemoth",
      "raw": "DarkBehemoth's base stats: 495 HP, 35 MP, 4 Move, 3 Jump, 9 Speed, 26 PA, 41 MA, 18% C-EV. Innate: Counter, Landlocked. Elements: Half-Earth&Dark, Weak-Holy.",
    },
  },
  "Dragon": {
    "Monster": {
      "baseStats": {
        "cEvPercent": 10,
        "hp": 461,
        "jump": 3,
        "ma": 39,
        "move": 5,
        "mp": 21,
        "pa": 18,
        "speed": 10,
      },
      "gender": "Monster",
      "innates": [
        "Counter",
        "Landlocked",
      ],
      "name": "Dragon",
      "raw": "Dragon's base stats: 461 HP, 21 MP, 5 Move, 3 Jump, 10 Speed, 18 PA, 39 MA, 10% C-EV. Innate: Counter, Landlocked. Elements: Absorb-Lightning, Weak-Fire.",
    },
  },
  "Draugr": {
    "Monster": {
      "baseStats": {
        "cEvPercent": 12,
        "hp": 388,
        "jump": 4,
        "ma": 38,
        "move": 3,
        "mp": 1,
        "pa": 16,
        "speed": 8,
      },
      "gender": "Monster",
      "innates": [
        "Counter",
        "Undead",
      ],
      "name": "Draugr",
      "raw": "Draugr's base stats: 388 HP, 1 MP, 3 Move, 4 Jump, 8 Speed, 16 PA, 38 MA, 12% C-EV. Innate: Counter, Undead. Elements: Absorb-Dark, Half-Ice, Weak-Fire&Holy.",
    },
  },
  "Dryad": {
    "Monster": {
      "baseStats": {
        "cEvPercent": 2,
        "hp": 465,
        "jump": 2,
        "ma": 39,
        "move": 3,
        "mp": 35,
        "pa": 12,
        "speed": 7,
      },
      "gender": "Monster",
      "innates": [
        "Counter",
        "Landlocked",
        "Defense UP",
      ],
      "name": "Dryad",
      "raw": "Dryad's base stats: 465 HP, 35 MP, 3 Move, 2 Jump, 7 Speed, 12 PA, 39 MA, 2% C-EV. Innate: Counter, Landlocked, Defense UP. Elements: Absorb-Earth, Half-Water, Weak-Fire.",
    },
  },
  "Explosive": {
    "Monster": {
      "baseStats": {
        "cEvPercent": 12,
        "hp": 322,
        "jump": 3,
        "ma": 39,
        "move": 4,
        "mp": 8,
        "pa": 15,
        "speed": 11,
      },
      "gender": "Monster",
      "innates": [
        "Counter",
        "Levitate",
      ],
      "name": "Explosive",
      "raw": "Explosive's base stats: 322 HP, 8 MP, 4 Move, 3 Jump, 11 Speed, 15 PA, 39 MA, 12% C-EV. Innate: Counter, Levitate. Elements: Absorb-Fire, Cancel-Earth, Half-Ice&Fire, Weak-Water.",
    },
  },
  "FloatingEye": {
    "Monster": {
      "baseStats": {
        "cEvPercent": 22,
        "hp": 248,
        "jump": 5,
        "ma": 34,
        "move": 5,
        "mp": 17,
        "pa": 12,
        "speed": 8,
      },
      "gender": "Monster",
      "innates": [
        "Counter",
        "Fly",
        "Landlocked",
        "Magic Defense UP",
      ],
      "name": "FloatingEye",
      "raw": "FloatingEye's base stats: 248 HP, 17 MP, 5 Move, 5 Jump, 8 Speed, 12 PA, 34 MA, 22% C-EV. Innate: Counter, Fly, Landlocked, Magic Defense UP. Elements: Half-Ice&Wind&Earth&Water&Dark, Weak-Lightning.",
    },
  },
  "Geomancer": {
    "Female": {
      "baseStats": {
        "cEvPercent": 10,
        "hp": 173,
        "jump": 3,
        "ma": 10,
        "move": 4,
        "mp": 74,
        "pa": 9,
        "speed": 8,
      },
      "gender": "Female",
      "innates": [
        "Elemental",
      ],
      "name": "Geomancer",
      "raw": "Geomancer Female's base stats: 173 HP, 74 MP, 4 Move, 3 Jump, 8 Speed, 9 PA, 10 MA, 10% C-EV. Innate: Elemental. Equips: Swords, Katanas, Axes, Shields, Hats, Clothing, Robes.",
    },
    "Male": {
      "baseStats": {
        "cEvPercent": 10,
        "hp": 185,
        "jump": 3,
        "ma": 8,
        "move": 4,
        "mp": 70,
        "pa": 12,
        "speed": 8,
      },
      "gender": "Male",
      "innates": [
        "Elemental",
      ],
      "name": "Geomancer",
      "raw": "Geomancer Male's base stats: 185 HP, 70 MP, 4 Move, 3 Jump, 8 Speed, 12 PA, 8 MA, 10% C-EV. Innate: Elemental. Equips: Swords, Katanas, Axes, Shields, Hats, Clothing, Robes.",
    },
  },
  "Ghost": {
    "Monster": {
      "baseStats": {
        "cEvPercent": 40,
        "hp": 228,
        "jump": 4,
        "ma": 41,
        "move": 5,
        "mp": 21,
        "pa": 11,
        "speed": 8,
      },
      "gender": "Monster",
      "innates": [
        "Counter",
        "Undead",
        "Levitate",
        "Teleport",
      ],
      "name": "Ghost",
      "raw": "Ghost's base stats: 228 HP, 21 MP, 5 Move, 4 Jump, 8 Speed, 11 PA, 41 MA, 40% C-EV. Innate: Counter, Undead, Levitate, Teleport. Elements: Absorb-Dark, Cancel-Earth, Weak-Fire&Holy.",
    },
  },
  "Ghoul": {
    "Monster": {
      "baseStats": {
        "cEvPercent": 36,
        "hp": 231,
        "jump": 4,
        "ma": 41,
        "move": 5,
        "mp": 27,
        "pa": 11,
        "speed": 8,
      },
      "gender": "Monster",
      "innates": [
        "Counter",
        "Undead",
        "Levitate",
        "Teleport",
      ],
      "name": "Ghoul",
      "raw": "Ghoul's base stats: 231 HP, 27 MP, 5 Move, 4 Jump, 8 Speed, 11 PA, 41 MA, 36% C-EV. Innate: Counter, Undead, Levitate, Teleport. Elements: Absorb-Dark, Cancel-Earth, Weak-Fire&Holy.",
    },
  },
  "Gobbledeguck": {
    "Monster": {
      "baseStats": {
        "cEvPercent": 19,
        "hp": 303,
        "jump": 3,
        "ma": 36,
        "move": 4,
        "mp": 16,
        "pa": 14,
        "speed": 10,
      },
      "gender": "Monster",
      "innates": [
        "Counter",
      ],
      "name": "Gobbledeguck",
      "raw": "Gobbledeguck's base stats: 303 HP, 16 MP, 4 Move, 3 Jump, 10 Speed, 14 PA, 36 MA, 19% C-EV. Innate: Counter. Elements: Half-Lightning, Weak-Ice.",
    },
  },
  "Goblin": {
    "Monster": {
      "baseStats": {
        "cEvPercent": 18,
        "hp": 309,
        "jump": 3,
        "ma": 33,
        "move": 4,
        "mp": 8,
        "pa": 11,
        "speed": 8,
      },
      "gender": "Monster",
      "innates": [
        "Counter",
        "Beastmaster",
      ],
      "name": "Goblin",
      "raw": "Goblin's base stats: 309 HP, 8 MP, 4 Move, 3 Jump, 8 Speed, 11 PA, 33 MA, 18% C-EV. Innate: Counter, Beastmaster. Elements: Half-Lightning, Weak-Ice.",
    },
  },
  "GreatMalboro": {
    "Monster": {
      "baseStats": {
        "cEvPercent": 1,
        "hp": 453,
        "jump": 3,
        "ma": 15,
        "move": 3,
        "mp": 2,
        "pa": 11,
        "speed": 7,
      },
      "gender": "Monster",
      "innates": [
        "Counter",
        "Waterwalking",
      ],
      "name": "GreatMalboro",
      "raw": "GreatMalboro's base stats: 453 HP, 2 MP, 3 Move, 3 Jump, 7 Speed, 11 PA, 15 MA, 1% C-EV. Innate: Counter, Waterwalking. Elements: Half-Water, Weak-Ice.",
    },
  },
  "Grenade": {
    "Monster": {
      "baseStats": {
        "cEvPercent": 14,
        "hp": 241,
        "jump": 3,
        "ma": 41,
        "move": 4,
        "mp": 6,
        "pa": 11,
        "speed": 11,
      },
      "gender": "Monster",
      "innates": [
        "Counter",
        "Levitate",
      ],
      "name": "Grenade",
      "raw": "Grenade's base stats: 241 HP, 6 MP, 4 Move, 3 Jump, 11 Speed, 11 PA, 41 MA, 14% C-EV. Innate: Counter, Levitate. Elements: Absorb-Fire, Cancel-Earth, Half-Ice, Weak-Water.",
    },
  },
  "HolyDragon": {
    "Monster": {
      "baseStats": {
        "cEvPercent": 5,
        "hp": 414,
        "jump": 3,
        "ma": 42,
        "move": 4,
        "mp": 25,
        "pa": 15,
        "speed": 10,
      },
      "gender": "Monster",
      "innates": [
        "Counter",
        "Landlocked",
        "Beastmaster",
      ],
      "name": "HolyDragon",
      "raw": "HolyDragon's base stats: 414 HP, 25 MP, 4 Move, 3 Jump, 10 Speed, 15 PA, 42 MA, 5% C-EV. Innate: Counter, Landlocked, Beastmaster. Elements: Absorb-Holy, Weak-Dark.",
    },
  },
  "Hydra": {
    "Monster": {
      "baseStats": {
        "cEvPercent": 5,
        "hp": 488,
        "jump": 4,
        "ma": 13,
        "move": 4,
        "mp": 35,
        "pa": 18,
        "speed": 10,
      },
      "gender": "Monster",
      "innates": [
        "Counter",
        "Fly",
        "Landlocked",
      ],
      "name": "Hydra",
      "raw": "Hydra's base stats: 488 HP, 35 MP, 4 Move, 4 Jump, 10 Speed, 18 PA, 13 MA, 5% C-EV. Innate: Counter, Fly, Landlocked. Elements: Half-Fire, Weak-Ice&Wind.",
    },
  },
  "IronHawk": {
    "Monster": {
      "baseStats": {
        "cEvPercent": 35,
        "hp": 226,
        "jump": 6,
        "ma": 35,
        "move": 6,
        "mp": 13,
        "pa": 13,
        "speed": 10,
      },
      "gender": "Monster",
      "innates": [
        "Counter",
        "Fly",
        "Landlocked",
      ],
      "name": "IronHawk",
      "raw": "IronHawk's base stats: 226 HP, 13 MP, 6 Move, 6 Jump, 10 Speed, 13 PA, 35 MA, 35% C-EV. Innate: Counter, Fly, Landlocked. Elements: Absorb-Wind, Weak-Earth.",
    },
  },
  "Juravis": {
    "Monster": {
      "baseStats": {
        "cEvPercent": 38,
        "hp": 234,
        "jump": 6,
        "ma": 33,
        "move": 6,
        "mp": 8,
        "pa": 12,
        "speed": 8,
      },
      "gender": "Monster",
      "innates": [
        "Counter",
        "Fly",
        "Landlocked",
      ],
      "name": "Juravis",
      "raw": "Juravis's base stats: 234 HP, 8 MP, 6 Move, 6 Jump, 8 Speed, 12 PA, 33 MA, 38% C-EV. Innate: Counter, Fly, Landlocked. Elements: Absorb-Wind, Weak-Earth.",
    },
  },
  "KingBehemoth": {
    "Monster": {
      "baseStats": {
        "cEvPercent": 15,
        "hp": 515,
        "jump": 3,
        "ma": 39,
        "move": 4,
        "mp": 30,
        "pa": 19,
        "speed": 9,
      },
      "gender": "Monster",
      "innates": [
        "Counter",
        "Landlocked",
      ],
      "name": "KingBehemoth",
      "raw": "KingBehemoth's base stats: 515 HP, 30 MP, 4 Move, 3 Jump, 9 Speed, 19 PA, 39 MA, 15% C-EV. Innate: Counter, Landlocked. Elements: Half-Earth&Holy, Weak-Dark.",
    },
  },
  "Knight": {
    "Female": {
      "baseStats": {
        "cEvPercent": 12,
        "hp": 189,
        "jump": 3,
        "ma": 7,
        "move": 3,
        "mp": 44,
        "pa": 10,
        "speed": 8,
      },
      "gender": "Female",
      "innates": [
        "Battle Skill",
      ],
      "name": "Knight",
      "raw": "Knight Female's base stats: 189 HP, 44 MP, 3 Move, 3 Jump, 8 Speed, 10 PA, 7 MA, 12% C-EV. Innate: Battle Skill. Equips: Swords, Knight Swords, Axes, Shields, Helmets, Armor, Robes.",
    },
    "Male": {
      "baseStats": {
        "cEvPercent": 12,
        "hp": 202,
        "jump": 3,
        "ma": 6,
        "move": 3,
        "mp": 41,
        "pa": 12,
        "speed": 8,
      },
      "gender": "Male",
      "innates": [
        "Battle Skill",
      ],
      "name": "Knight",
      "raw": "Knight Male's base stats: 202 HP, 41 MP, 3 Move, 3 Jump, 8 Speed, 12 PA, 6 MA, 12% C-EV. Innate: Battle Skill. Equips: Swords, Knight Swords, Axes, Shields, Helmets, Armor, Robes.",
    },
  },
  "Lancer": {
    "Female": {
      "baseStats": {
        "cEvPercent": 15,
        "hp": 181,
        "jump": 4,
        "ma": 5,
        "move": 3,
        "mp": 34,
        "pa": 10,
        "speed": 8,
      },
      "gender": "Female",
      "innates": [
        "Jump",
      ],
      "name": "Lancer",
      "raw": "Lancer Female's base stats: 181 HP, 34 MP, 3 Move, 4 Jump, 8 Speed, 10 PA, 5 MA, 15% C-EV. Innate: Jump. Equips: Spears, Poles, Shields, Helmets, Hats, Armor, Robes.",
    },
    "Male": {
      "baseStats": {
        "cEvPercent": 15,
        "hp": 194,
        "jump": 4,
        "ma": 4,
        "move": 3,
        "mp": 32,
        "pa": 13,
        "speed": 8,
      },
      "gender": "Male",
      "innates": [
        "Jump",
      ],
      "name": "Lancer",
      "raw": "Lancer Male's base stats: 194 HP, 32 MP, 3 Move, 4 Jump, 8 Speed, 13 PA, 4 MA, 15% C-EV. Innate: Jump. Equips: Spears, Poles, Shields, Helmets, Hats, Armor, Robes.",
    },
  },
  "Malboro": {
    "Monster": {
      "baseStats": {
        "cEvPercent": 1,
        "hp": 435,
        "jump": 3,
        "ma": 14,
        "move": 3,
        "mp": 3,
        "pa": 13,
        "speed": 7,
      },
      "gender": "Monster",
      "innates": [
        "Counter",
        "Waterwalking",
      ],
      "name": "Malboro",
      "raw": "Malboro's base stats: 435 HP, 3 MP, 3 Move, 3 Jump, 7 Speed, 13 PA, 14 MA, 1% C-EV. Innate: Counter, Waterwalking. Elements: Half-Water, Weak-Ice.",
    },
  },
  "Mediator": {
    "Female": {
      "baseStats": {
        "cEvPercent": 5,
        "hp": 140,
        "jump": 3,
        "ma": 9,
        "move": 3,
        "mp": 41,
        "pa": 6,
        "speed": 9,
      },
      "gender": "Female",
      "innates": [
        "Talk Skill",
        "Monster Talk",
      ],
      "name": "Mediator",
      "raw": "Mediator Female's base stats: 140 HP, 41 MP, 3 Move, 3 Jump, 9 Speed, 6 PA, 9 MA, 5% C-EV. Innate: Talk Skill, Monster Talk. Equips: Knives, Guns, Books, Hats, Clothing, Robes.",
    },
    "Male": {
      "baseStats": {
        "cEvPercent": 5,
        "hp": 149,
        "jump": 3,
        "ma": 7,
        "move": 3,
        "mp": 38,
        "pa": 8,
        "speed": 9,
      },
      "gender": "Male",
      "innates": [
        "Talk Skill",
        "Monster Talk",
      ],
      "name": "Mediator",
      "raw": "Mediator Male's base stats: 149 HP, 38 MP, 3 Move, 3 Jump, 9 Speed, 8 PA, 7 MA, 5% C-EV. Innate: Talk Skill, Monster Talk. Equips: Knives, Guns, Books, Hats, Clothing, Robes.",
    },
  },
  "Mime": {
    "Female": {
      "baseStats": {
        "cEvPercent": 7,
        "hp": 204,
        "jump": 4,
        "ma": 13,
        "move": 3,
        "mp": 20,
        "pa": 11,
        "speed": 10,
      },
      "gender": "Female",
      "innates": [
        "Mimic",
        "Concentrate",
        "Beastmaster",
      ],
      "name": "Mime",
      "raw": "Mime Female's base stats: 204 HP, 20 MP, 3 Move, 4 Jump, 10 Speed, 11 PA, 13 MA, 7% C-EV. Innate: Mimic, Concentrate, Beastmaster. Equips: Hats, Clothing, one of [Shields, Helmets, Armor or Robes].",
    },
    "Male": {
      "baseStats": {
        "cEvPercent": 7,
        "hp": 218,
        "jump": 4,
        "ma": 11,
        "move": 3,
        "mp": 18,
        "pa": 13,
        "speed": 10,
      },
      "gender": "Male",
      "innates": [
        "Mimic",
        "Concentrate",
        "Beastmaster",
      ],
      "name": "Mime",
      "raw": "Mime Male's base stats: 218 HP, 18 MP, 3 Move, 4 Jump, 10 Speed, 13 PA, 11 MA, 7% C-EV. Innate: Mimic, Concentrate, Beastmaster. Equips: Hats, Clothing, one of [Shields, Helmets, Armor or Robes].",
    },
  },
  "Mindflayer": {
    "Monster": {
      "baseStats": {
        "cEvPercent": 10,
        "hp": 239,
        "jump": 3,
        "ma": 36,
        "move": 3,
        "mp": 35,
        "pa": 15,
        "speed": 8,
      },
      "gender": "Monster",
      "innates": [
        "Counter",
        "Waterbreathing",
      ],
      "name": "Mindflayer",
      "raw": "Mindflayer's base stats: 239 HP, 35 MP, 3 Move, 3 Jump, 8 Speed, 15 PA, 36 MA, 10% C-EV. Innate: Counter, Waterbreathing. Elements: Absorb-Water, Weak-Lightning.",
    },
  },
  "Minotaur": {
    "Monster": {
      "baseStats": {
        "cEvPercent": 11,
        "hp": 478,
        "jump": 4,
        "ma": 43,
        "move": 4,
        "mp": 1,
        "pa": 15,
        "speed": 9,
      },
      "gender": "Monster",
      "innates": [
        "Counter",
        "Landlocked",
      ],
      "name": "Minotaur",
      "raw": "Minotaur's base stats: 478 HP, 1 MP, 4 Move, 4 Jump, 9 Speed, 15 PA, 43 MA, 11% C-EV. Innate: Counter, Landlocked. Elements: Half-Fire, Weak-Water.",
    },
  },
  "Monk": {
    "Female": {
      "baseStats": {
        "cEvPercent": 22,
        "hp": 196,
        "jump": 4,
        "ma": 8,
        "move": 3,
        "mp": 55,
        "pa": 10,
        "speed": 9,
      },
      "gender": "Female",
      "innates": [
        "Punch Art",
        "Martial Arts",
      ],
      "name": "Monk",
      "raw": "Monk Female's base stats: 196 HP, 55 MP, 3 Move, 4 Jump, 9 Speed, 10 PA, 8 MA, 22% C-EV. Innate: Punch Art, Martial Arts. Equips: Hats, Clothing.",
    },
    "Male": {
      "baseStats": {
        "cEvPercent": 22,
        "hp": 210,
        "jump": 4,
        "ma": 7,
        "move": 3,
        "mp": 52,
        "pa": 12,
        "speed": 9,
      },
      "gender": "Male",
      "innates": [
        "Punch Art",
        "Martial Arts",
      ],
      "name": "Monk",
      "raw": "Monk Male's base stats: 210 HP, 52 MP, 3 Move, 4 Jump, 9 Speed, 12 PA, 7 MA, 22% C-EV. Innate: Punch Art, Martial Arts. Equips: Hats, Clothing.",
    },
  },
  "Ninja": {
    "Female": {
      "baseStats": {
        "cEvPercent": 25,
        "hp": 106,
        "jump": 3,
        "ma": 6,
        "move": 4,
        "mp": 34,
        "pa": 9,
        "speed": 11,
      },
      "gender": "Female",
      "innates": [
        "Throw",
        "Dual Wield",
      ],
      "name": "Ninja",
      "raw": "Ninja Female's base stats: 106 HP, 34 MP, 4 Move, 3 Jump, 11 Speed, 9 PA, 6 MA, 25% C-EV. Innate: Throw, Dual Wield. Equips: Knives, Ninja Swords, Flails, Hats, Clothing.",
    },
    "Male": {
      "baseStats": {
        "cEvPercent": 25,
        "hp": 113,
        "jump": 3,
        "ma": 5,
        "move": 4,
        "mp": 32,
        "pa": 11,
        "speed": 11,
      },
      "gender": "Male",
      "innates": [
        "Throw",
        "Dual Wield",
      ],
      "name": "Ninja",
      "raw": "Ninja Male's base stats: 113 HP, 32 MP, 4 Move, 3 Jump, 11 Speed, 11 PA, 5 MA, 25% C-EV. Innate: Throw, Dual Wield. Equips: Knives, Ninja Swords, Flails, Hats, Clothing.",
    },
  },
  "Ochu": {
    "Monster": {
      "baseStats": {
        "cEvPercent": 2,
        "hp": 369,
        "jump": 3,
        "ma": 16,
        "move": 3,
        "mp": 3,
        "pa": 13,
        "speed": 8,
      },
      "gender": "Monster",
      "innates": [
        "Counter",
        "Waterwalking",
      ],
      "name": "Ochu",
      "raw": "Ochu's base stats: 369 HP, 3 MP, 3 Move, 3 Jump, 8 Speed, 13 PA, 16 MA, 2% C-EV. Innate: Counter, Waterwalking. Elements: Half-Water&Lightning, Weak-Ice.",
    },
  },
  "Oracle": {
    "Female": {
      "baseStats": {
        "cEvPercent": 7,
        "hp": 131,
        "jump": 3,
        "ma": 11,
        "move": 3,
        "mp": 92,
        "pa": 4,
        "speed": 8,
      },
      "gender": "Female",
      "innates": [
        "Yin Yang Magic",
      ],
      "name": "Oracle",
      "raw": "Oracle Female's base stats: 131 HP, 92 MP, 3 Move, 3 Jump, 8 Speed, 4 PA, 11 MA, 7% C-EV. Innate: Yin Yang Magic. Equips: Books, Poles, Hats, Clothing, Robes.",
    },
    "Male": {
      "baseStats": {
        "cEvPercent": 7,
        "hp": 140,
        "jump": 3,
        "ma": 9,
        "move": 3,
        "mp": 86,
        "pa": 5,
        "speed": 8,
      },
      "gender": "Male",
      "innates": [
        "Yin Yang Magic",
      ],
      "name": "Oracle",
      "raw": "Oracle Male's base stats: 140 HP, 86 MP, 3 Move, 3 Jump, 8 Speed, 5 PA, 9 MA, 7% C-EV. Innate: Yin Yang Magic. Equips: Books, Poles, Hats, Clothing, Robes.",
    },
  },
  "PiscoDemon": {
    "Monster": {
      "baseStats": {
        "cEvPercent": 7,
        "hp": 299,
        "jump": 3,
        "ma": 37,
        "move": 3,
        "mp": 26,
        "pa": 11,
        "speed": 8,
      },
      "gender": "Monster",
      "innates": [
        "Counter",
        "Waterbreathing",
      ],
      "name": "PiscoDemon",
      "raw": "PiscoDemon's base stats: 299 HP, 26 MP, 3 Move, 3 Jump, 8 Speed, 11 PA, 37 MA, 7% C-EV. Innate: Counter, Waterbreathing. Elements: Absorb-Water, Weak-Lightning.",
    },
  },
  "Plague": {
    "Monster": {
      "baseStats": {
        "cEvPercent": 17,
        "hp": 224,
        "jump": 5,
        "ma": 47,
        "move": 5,
        "mp": 30,
        "pa": 15,
        "speed": 8,
      },
      "gender": "Monster",
      "innates": [
        "Counter",
        "Fly",
        "Landlocked",
        "Magic Defense UP",
      ],
      "name": "Plague",
      "raw": "Plague's base stats: 224 HP, 30 MP, 5 Move, 5 Jump, 8 Speed, 15 PA, 47 MA, 17% C-EV. Innate: Counter, Fly, Landlocked, Magic Defense UP. Elements: Half-Fire&Wind&Earth&Water&Dark, Weak-Lightning.",
    },
  },
  "Porky": {
    "Monster": {
      "baseStats": {
        "cEvPercent": 26,
        "hp": 286,
        "jump": 3,
        "ma": 43,
        "move": 3,
        "mp": 1,
        "pa": 9,
        "speed": 10,
      },
      "gender": "Monster",
      "innates": [
        "Counter",
        "Landlocked",
      ],
      "name": "Porky",
      "raw": "Porky's base stats: 286 HP, 1 MP, 3 Move, 3 Jump, 10 Speed, 9 PA, 43 MA, 26% C-EV. Innate: Counter, Landlocked. Elements: Half-Holy, Weak-Dark.",
    },
  },
  "Priest": {
    "Female": {
      "baseStats": {
        "cEvPercent": 5,
        "hp": 150,
        "jump": 3,
        "ma": 10,
        "move": 3,
        "mp": 101,
        "pa": 7,
        "speed": 9,
      },
      "gender": "Female",
      "innates": [
        "White Magic",
      ],
      "name": "Priest",
      "raw": "Priest Female's base stats: 150 HP, 101 MP, 3 Move, 3 Jump, 9 Speed, 7 PA, 10 MA, 5% C-EV. Innate: White Magic. Equips: Staves, Flails, Hats, Clothing, Robes.",
    },
    "Male": {
      "baseStats": {
        "cEvPercent": 5,
        "hp": 160,
        "jump": 3,
        "ma": 8,
        "move": 3,
        "mp": 94,
        "pa": 9,
        "speed": 9,
      },
      "gender": "Male",
      "innates": [
        "White Magic",
      ],
      "name": "Priest",
      "raw": "Priest Male's base stats: 160 HP, 94 MP, 3 Move, 3 Jump, 9 Speed, 9 PA, 8 MA, 5% C-EV. Innate: White Magic. Equips: Staves, Flails, Hats, Clothing, Robes.",
    },
  },
  "Reaper": {
    "Monster": {
      "baseStats": {
        "cEvPercent": 13,
        "hp": 364,
        "jump": 4,
        "ma": 38,
        "move": 3,
        "mp": 1,
        "pa": 15,
        "speed": 8,
      },
      "gender": "Monster",
      "innates": [
        "Counter",
        "Undead",
      ],
      "name": "Reaper",
      "raw": "Reaper's base stats: 364 HP, 1 MP, 3 Move, 4 Jump, 8 Speed, 15 PA, 38 MA, 13% C-EV. Innate: Counter, Undead. Elements: Absorb-Dark, Half-Ice, Weak-Fire&Holy.",
    },
  },
  "RedChocobo": {
    "Monster": {
      "baseStats": {
        "cEvPercent": 10,
        "hp": 356,
        "jump": 4,
        "ma": 38,
        "move": 6,
        "mp": 19,
        "pa": 15,
        "speed": 10,
      },
      "gender": "Monster",
      "innates": [
        "Counter",
        "Ignore Height",
      ],
      "name": "RedChocobo",
      "raw": "RedChocobo's base stats: 356 HP, 19 MP, 6 Move, 4 Jump, 10 Speed, 15 PA, 38 MA, 10% C-EV. Innate: Counter, Ignore Height. Elements: Weak Wind.",
    },
  },
  "RedDragon": {
    "Monster": {
      "baseStats": {
        "cEvPercent": 8,
        "hp": 470,
        "jump": 3,
        "ma": 43,
        "move": 5,
        "mp": 25,
        "pa": 17,
        "speed": 9,
      },
      "gender": "Monster",
      "innates": [
        "Counter",
        "Landlocked",
      ],
      "name": "RedDragon",
      "raw": "RedDragon's base stats: 470 HP, 25 MP, 5 Move, 3 Jump, 9 Speed, 17 PA, 43 MA, 8% C-EV. Innate: Counter, Landlocked. Elements: Absorb-Fire, Weak-Ice.",
    },
  },
  "RedPanther": {
    "Monster": {
      "baseStats": {
        "cEvPercent": 31,
        "hp": 338,
        "jump": 5,
        "ma": 35,
        "move": 4,
        "mp": 10,
        "pa": 12,
        "speed": 12,
      },
      "gender": "Monster",
      "innates": [
        "Counter",
        "Landlocked",
        "Ignore Height",
        "Retreat",
      ],
      "name": "RedPanther",
      "raw": "RedPanther's base stats: 338 HP, 10 MP, 4 Move, 5 Jump, 12 Speed, 12 PA, 35 MA, 31% C-EV. Innate: Counter, Landlocked, Ignore Height, Retreat. Elements: Half-Fire, Weak-Earth.",
    },
  },
  "Revenant": {
    "Monster": {
      "baseStats": {
        "cEvPercent": 30,
        "hp": 265,
        "jump": 4,
        "ma": 43,
        "move": 6,
        "mp": 14,
        "pa": 11,
        "speed": 9,
      },
      "gender": "Monster",
      "innates": [
        "Counter",
        "Undead",
        "Levitate",
        "Teleport",
      ],
      "name": "Revenant",
      "raw": "Revenant's base stats: 265 HP, 14 MP, 6 Move, 4 Jump, 9 Speed, 11 PA, 43 MA, 30% C-EV. Innate: Counter, Undead, Levitate, Teleport. Elements: Absorb-Dark, Cancel-Earth, Weak-Fire&Holy.",
    },
  },
  "Samurai": {
    "Female": {
      "baseStats": {
        "cEvPercent": 20,
        "hp": 127,
        "jump": 3,
        "ma": 9,
        "move": 3,
        "mp": 59,
        "pa": 11,
        "speed": 8,
      },
      "gender": "Female",
      "innates": [
        "Draw Out",
      ],
      "name": "Samurai",
      "raw": "Samurai Female's base stats: 127 HP, 59 MP, 3 Move, 3 Jump, 8 Speed, 11 PA, 9 MA, 20% C-EV. Innate: Draw Out. Equips: Katanas, Spears, Helmets, Hats, Armor, Robes.",
    },
    "Male": {
      "baseStats": {
        "cEvPercent": 20,
        "hp": 136,
        "jump": 3,
        "ma": 7,
        "move": 3,
        "mp": 55,
        "pa": 14,
        "speed": 8,
      },
      "gender": "Male",
      "innates": [
        "Draw Out",
      ],
      "name": "Samurai",
      "raw": "Samurai Male's base stats: 136 HP, 55 MP, 3 Move, 3 Jump, 8 Speed, 14 PA, 7 MA, 20% C-EV. Innate: Draw Out. Equips: Katanas, Spears, Helmets, Hats, Armor, Robes.",
    },
  },
  "Sekhret": {
    "Monster": {
      "baseStats": {
        "cEvPercent": 15,
        "hp": 446,
        "jump": 4,
        "ma": 39,
        "move": 3,
        "mp": 2,
        "pa": 21,
        "speed": 9,
      },
      "gender": "Monster",
      "innates": [
        "Counter",
        "Landlocked",
      ],
      "name": "Sekhret",
      "raw": "Sekhret's base stats: 446 HP, 2 MP, 3 Move, 4 Jump, 9 Speed, 21 PA, 39 MA, 15% C-EV. Innate: Counter, Landlocked. Elements: Half-Holy, Weak-Water.",
    },
  },
  "Serpentarius": {
    "Monster": {
      "baseStats": {
        "cEvPercent": 12,
        "hp": 505,
        "jump": 3,
        "ma": 13,
        "move": 4,
        "mp": 82,
        "pa": 9,
        "speed": 6,
      },
      "gender": "Monster",
      "innates": [
        "Counter",
        "Landlocked",
        "Sicken",
        "Move-MP Up",
      ],
      "name": "Serpentarius",
      "raw": "Serpentarius's base stats: 505 HP, 82 MP, 4 Move, 3 Jump, 6 Speed, 9 PA, 13 MA, 12% C-EV. Innate: Counter, Landlocked, Sicken, Move-MP Up. Elements: Cancel-Ice, Half-Holy, Weak-Earth.",
    },
  },
  "Skeleton": {
    "Monster": {
      "baseStats": {
        "cEvPercent": 11,
        "hp": 398,
        "jump": 4,
        "ma": 37,
        "move": 3,
        "mp": 1,
        "pa": 14,
        "speed": 9,
      },
      "gender": "Monster",
      "innates": [
        "Counter",
        "Undead",
      ],
      "name": "Skeleton",
      "raw": "Skeleton's base stats: 398 HP, 1 MP, 3 Move, 4 Jump, 9 Speed, 14 PA, 37 MA, 11% C-EV. Innate: Counter, Undead. Elements: Absorb-Dark, Half-Ice, Weak-Fire&Holy.",
    },
  },
  "Squidraken": {
    "Monster": {
      "baseStats": {
        "cEvPercent": 14,
        "hp": 345,
        "jump": 3,
        "ma": 37,
        "move": 4,
        "mp": 25,
        "pa": 14,
        "speed": 7,
      },
      "gender": "Monster",
      "innates": [
        "Counter",
        "Waterbreathing",
      ],
      "name": "Squidraken",
      "raw": "Squidraken's base stats: 345 HP, 25 MP, 4 Move, 3 Jump, 7 Speed, 14 PA, 37 MA, 14% C-EV. Innate: Counter, Waterbreathing. Elements: Absorb-Water, Half-Fire, Weak-Lightning.",
    },
  },
  "Squire": {
    "Female": {
      "baseStats": {
        "cEvPercent": 7,
        "hp": 162,
        "jump": 3,
        "ma": 8,
        "move": 4,
        "mp": 50,
        "pa": 7,
        "speed": 9,
      },
      "gender": "Female",
      "innates": [
        "Basic Skill",
      ],
      "name": "Squire",
      "raw": "Squire Female's base stats: 162 HP, 50 MP, 4 Move, 3 Jump, 9 Speed, 7 PA, 8 MA, 7% C-EV. Innate: Basic Skill. Equips: Knives, Swords, Axes, Flails, Crossbows, Hats, Clothing, uncommonly [Shields, Armor, and Helmets].",
    },
    "Male": {
      "baseStats": {
        "cEvPercent": 7,
        "hp": 173,
        "jump": 3,
        "ma": 7,
        "move": 4,
        "mp": 47,
        "pa": 8,
        "speed": 9,
      },
      "gender": "Male",
      "innates": [
        "Basic Skill",
      ],
      "name": "Squire",
      "raw": "Squire Male's base stats: 173 HP, 47 MP, 4 Move, 3 Jump, 9 Speed, 8 PA, 7 MA, 7% C-EV. Innate: Basic Skill. Equips: Knives, Swords, Axes, Flails, Crossbows, Hats, Clothing, uncommonly [Shields, Armor, and Helmets].",
    },
  },
  "SteelGiant": {
    "Monster": {
      "baseStats": {
        "cEvPercent": 0,
        "hp": 500,
        "jump": 5,
        "ma": 1,
        "move": 2,
        "mp": 1,
        "pa": 20,
        "speed": 8,
      },
      "gender": "Monster",
      "innates": [
        "Counter",
        "Landlocked",
        "Innocent",
        "Ignore Terrain",
      ],
      "name": "SteelGiant",
      "raw": "SteelGiant's base stats: 500 HP, 1 MP, 2 Move, 5 Jump, 8 Speed, 20 PA, 1 MA, 0% C-EV. Innate: Counter, Landlocked, Innocent, Ignore Terrain. Elements: Cancel-Ice&Wind&Holy&Dark, Half-Earth, Weak-Lightning.",
    },
  },
  "Summoner": {
    "Female": {
      "baseStats": {
        "cEvPercent": 5,
        "hp": 110,
        "jump": 3,
        "ma": 12,
        "move": 3,
        "mp": 124,
        "pa": 3,
        "speed": 8,
      },
      "gender": "Female",
      "innates": [
        "Summon Magic",
      ],
      "name": "Summoner",
      "raw": "Summoner Female's base stats: 110 HP, 124 MP, 3 Move, 3 Jump, 8 Speed, 3 PA, 12 MA, 5% C-EV. Innate: Summon Magic. Equips: Rods, Staves, Hats, Clothing, Robes.",
    },
    "Male": {
      "baseStats": {
        "cEvPercent": 5,
        "hp": 118,
        "jump": 3,
        "ma": 9,
        "move": 3,
        "mp": 116,
        "pa": 4,
        "speed": 8,
      },
      "gender": "Male",
      "innates": [
        "Summon Magic",
      ],
      "name": "Summoner",
      "raw": "Summoner Male's base stats: 118 HP, 116 MP, 3 Move, 3 Jump, 8 Speed, 4 PA, 9 MA, 5% C-EV. Innate: Summon Magic. Equips: Rods, Staves, Hats, Clothing, Robes.",
    },
  },
  "Swine": {
    "Monster": {
      "baseStats": {
        "cEvPercent": 32,
        "hp": 256,
        "jump": 3,
        "ma": 43,
        "move": 3,
        "mp": 1,
        "pa": 8,
        "speed": 10,
      },
      "gender": "Monster",
      "innates": [
        "Counter",
        "Landlocked",
      ],
      "name": "Swine",
      "raw": "Swine's base stats: 256 HP, 1 MP, 3 Move, 3 Jump, 10 Speed, 8 PA, 43 MA, 32% C-EV. Innate: Counter, Landlocked. Elements: Half-Holy, Weak-Dark.",
    },
  },
  "Taiju": {
    "Monster": {
      "baseStats": {
        "cEvPercent": 3,
        "hp": 509,
        "jump": 2,
        "ma": 38,
        "move": 3,
        "mp": 32,
        "pa": 11,
        "speed": 7,
      },
      "gender": "Monster",
      "innates": [
        "Counter",
        "Landlocked",
        "Non-Charge",
        "Defense UP",
      ],
      "name": "Taiju",
      "raw": "Taiju's base stats: 509 HP, 32 MP, 3 Move, 2 Jump, 7 Speed, 11 PA, 38 MA, 3% C-EV. Innate: Counter, Landlocked, Non-Charge, Defense UP. Elements: Absorb-Earth, Half-Water, Weak-Fire.",
    },
  },
  "Thief": {
    "Female": {
      "baseStats": {
        "cEvPercent": 30,
        "hp": 145,
        "jump": 4,
        "ma": 7,
        "move": 4,
        "mp": 36,
        "pa": 8,
        "speed": 10,
      },
      "gender": "Female",
      "innates": [
        "Steal",
      ],
      "name": "Thief",
      "raw": "Thief Female's base stats: 145 HP, 36 MP, 4 Move, 4 Jump, 10 Speed, 8 PA, 7 MA, 30% C-EV. Innate: Steal. Equips: Knives, Ninja Blades, Swords, Hats, Clothing.",
    },
    "Male": {
      "baseStats": {
        "cEvPercent": 30,
        "hp": 156,
        "jump": 4,
        "ma": 5,
        "move": 4,
        "mp": 33,
        "pa": 10,
        "speed": 10,
      },
      "gender": "Male",
      "innates": [
        "Steal",
      ],
      "name": "Thief",
      "raw": "Thief Male's base stats: 156 HP, 33 MP, 4 Move, 4 Jump, 10 Speed, 10 PA, 5 MA, 30% C-EV. Innate: Steal. Equips: Knives, Ninja Blades, Swords, Hats, Clothing.",
    },
  },
  "Tiamat": {
    "Monster": {
      "baseStats": {
        "cEvPercent": 3,
        "hp": 498,
        "jump": 4,
        "ma": 16,
        "move": 4,
        "mp": 19,
        "pa": 22,
        "speed": 10,
      },
      "gender": "Monster",
      "innates": [
        "Counter",
        "Fly",
        "Landlocked",
      ],
      "name": "Tiamat",
      "raw": "Tiamat's base stats: 498 HP, 19 MP, 4 Move, 4 Jump, 10 Speed, 22 PA, 16 MA, 3% C-EV. Innate: Counter, Fly, Landlocked. Elements: Half-Lightning, Weak-Ice&Wind&Dark.",
    },
  },
  "TimeMage": {
    "Female": {
      "baseStats": {
        "cEvPercent": 7,
        "hp": 124,
        "jump": 3,
        "ma": 13,
        "move": 3,
        "mp": 101,
        "pa": 4,
        "speed": 8,
      },
      "gender": "Female",
      "innates": [
        "Time Magic",
      ],
      "name": "TimeMage",
      "raw": "TimeMage Female's base stats: 124 HP, 101 MP, 3 Move, 3 Jump, 8 Speed, 4 PA, 13 MA, 7% C-EV. Innate: Time Magic. Equips: Staves, Books, Hats, Clothing, Robes.",
    },
    "Male": {
      "baseStats": {
        "cEvPercent": 7,
        "hp": 133,
        "jump": 3,
        "ma": 10,
        "move": 3,
        "mp": 94,
        "pa": 6,
        "speed": 8,
      },
      "gender": "Male",
      "innates": [
        "Time Magic",
      ],
      "name": "TimeMage",
      "raw": "TimeMage Male's base stats: 133 HP, 94 MP, 3 Move, 3 Jump, 8 Speed, 6 PA, 10 MA, 7% C-EV. Innate: Time Magic. Equips: Staves, Books, Hats, Clothing, Robes.",
    },
  },
  "Trent": {
    "Monster": {
      "baseStats": {
        "cEvPercent": 1,
        "hp": 421,
        "jump": 2,
        "ma": 40,
        "move": 3,
        "mp": 39,
        "pa": 10,
        "speed": 7,
      },
      "gender": "Monster",
      "innates": [
        "Counter",
        "Landlocked",
        "Defense UP",
      ],
      "name": "Trent",
      "raw": "Trent's base stats: 421 HP, 39 MP, 3 Move, 2 Jump, 7 Speed, 10 PA, 40 MA, 1% C-EV. Innate: Counter, Landlocked, Defense UP. Elements: Absorb-Earth, Half-Water, Weak-Fire.",
    },
  },
  "UltimaDemon": {
    "Monster": {
      "baseStats": {
        "cEvPercent": 13,
        "hp": 333,
        "jump": 2,
        "ma": 14,
        "move": 5,
        "mp": 104,
        "pa": 16,
        "speed": 7,
      },
      "gender": "Monster",
      "innates": [
        "Counter",
        "Landlocked",
        "Martial Arts",
        "Short Charge",
      ],
      "name": "UltimaDemon",
      "raw": "UltimaDemon's base stats: 333 HP, 104 MP, 5 Move, 2 Jump, 7 Speed, 16 PA, 14 MA, 13% C-EV. Innate: Counter, Landlocked, Martial Arts, Short Charge. Elements: Cancel-Holy, Half-Water&Dark.",
    },
  },
  "Vampire": {
    "Monster": {
      "baseStats": {
        "cEvPercent": 24,
        "hp": 291,
        "jump": 4,
        "ma": 33,
        "move": 4,
        "mp": 15,
        "pa": 16,
        "speed": 10,
      },
      "gender": "Monster",
      "innates": [
        "Counter",
        "Landlocked",
        "Ignore Height",
        "Retreat",
      ],
      "name": "Vampire",
      "raw": "Vampire's base stats: 291 HP, 15 MP, 4 Move, 4 Jump, 10 Speed, 16 PA, 33 MA, 24% C-EV. Innate: Counter, Landlocked, Ignore Height, Retreat. Elements: Cancel-Dark, Weak-Earth&Holy.",
    },
  },
  "WildBoar": {
    "Monster": {
      "baseStats": {
        "cEvPercent": 29,
        "hp": 273,
        "jump": 3,
        "ma": 43,
        "move": 3,
        "mp": 1,
        "pa": 19,
        "speed": 10,
      },
      "gender": "Monster",
      "innates": [
        "Counter",
        "Landlocked",
      ],
      "name": "WildBoar",
      "raw": "WildBoar's base stats: 273 HP, 1 MP, 3 Move, 3 Jump, 10 Speed, 19 PA, 43 MA, 29% C-EV. Innate: Counter, Landlocked. Elements: Half-Holy, Weak-Dark.",
    },
  },
  "Wizard": {
    "Female": {
      "baseStats": {
        "cEvPercent": 5,
        "hp": 121,
        "jump": 3,
        "ma": 14,
        "move": 3,
        "mp": 109,
        "pa": 4,
        "speed": 8,
      },
      "gender": "Female",
      "innates": [
        "Black Magic",
      ],
      "name": "Wizard",
      "raw": "Wizard Female's base stats: 121 HP, 109 MP, 3 Move, 3 Jump, 8 Speed, 4 PA, 14 MA, 5% C-EV. Innate: Black Magic. Equips: Knives, Rods, Hats, Clothing, Robes.",
    },
    "Male": {
      "baseStats": {
        "cEvPercent": 5,
        "hp": 130,
        "jump": 3,
        "ma": 11,
        "move": 3,
        "mp": 102,
        "pa": 5,
        "speed": 8,
      },
      "gender": "Male",
      "innates": [
        "Black Magic",
      ],
      "name": "Wizard",
      "raw": "Wizard Male's base stats: 130 HP, 102 MP, 3 Move, 3 Jump, 8 Speed, 5 PA, 11 MA, 5% C-EV. Innate: Black Magic. Equips: Knives, Rods, Hats, Clothing, Robes.",
    },
  },
  "Wyvern": {
    "Monster": {
      "baseStats": {
        "cEvPercent": 4,
        "hp": 440,
        "jump": 4,
        "ma": 13,
        "move": 4,
        "mp": 10,
        "pa": 16,
        "speed": 11,
      },
      "gender": "Monster",
      "innates": [
        "Counter",
        "Fly",
        "Landlocked",
        "Sicken",
      ],
      "name": "Wyvern",
      "raw": "Wyvern's base stats: 440 HP, 10 MP, 4 Move, 4 Jump, 11 Speed, 16 PA, 13 MA, 4% C-EV. Innate: Counter, Fly, Landlocked, Sicken. Elements: Half-Water, Weak-Ice&Wind.",
    },
  },
}
`;
