// Vitest Snapshot v1, https://vitest.dev/guide/snapshot.html

exports[`loadTeamFromString > loads the black team correctly 1`] = `
[
  {
    "brave": "54",
    "class": "Calculator",
    "equipment": [
      "Battle Bamboo",
      "Black Hood",
      "Clothes",
      "Jade Armlet",
    ],
    "faith": "59",
    "gender": "Female",
    "mainAbilities": [
      "Blue Magic",
    ],
    "moveSkill": "Move+2",
    "name": "MixReveal",
    "order": 0,
    "raw": "MixReveal - Female - Cancer - 54 - 59 - Calculator - Ghost Skill - HP Restore - Magic Attack UP - Move+2 - Battle Bamboo - Black Hood - Clothes - Jade Armlet - Blue Magic - Throw Spirit, Drain Touch, Zombie Touch, Sleep Touch, Grease Touch",
    "reactSkill": "HP Restore",
    "subAbilities": [
      "Throw Spirit",
      "Drain Touch",
      "Zombie Touch",
      "Sleep Touch",
      "Grease Touch",
    ],
    "subSkill": "Ghost Skill",
    "supportSkill": "Magic Attack UP",
    "teamName": "black",
    "zodiac": "Cancer",
  },
  {
    "brave": "69",
    "class": "Chemist",
    "equipment": [
      "Orichalcum",
      "Hydra Bag",
      "Barette",
      "Rubber Costume",
      "Battle Boots",
    ],
    "faith": "51",
    "gender": "Female",
    "mainAbilities": [
      "Potion",
      "Hi-Ether",
      "Antidote",
      "Holy Water",
      "Remedy",
    ],
    "moveSkill": "Jump+2",
    "name": "WhiteTigress",
    "order": 1,
    "raw": "WhiteTigress - Female - Pisces - 69 - 51 - Chemist - Basic Skill - Earplug - Dual Wield - Jump+2 - Orichalcum - Hydra Bag - Barette - Rubber Costume - Battle Boots - Potion, Hi-Ether, Antidote, Holy Water, Remedy - Heal, Cheer Up, Wish, Scream",
    "reactSkill": "Earplug",
    "subAbilities": [
      "Heal",
      "Cheer Up",
      "Wish",
      "Scream",
    ],
    "subSkill": "Basic Skill",
    "supportSkill": "Dual Wield",
    "teamName": "black",
    "zodiac": "Pisces",
  },
  {
    "brave": "57",
    "class": "Lancer",
    "equipment": [
      "Dragon Whisker",
      "Gold Shield",
      "Genji Helmet",
      "Diamond Armor",
      "108 Gems",
    ],
    "faith": "70",
    "gender": "Male",
    "mainAbilities": [
      "Level Jump8",
      "Vertical Jump3",
    ],
    "moveSkill": "Jump+3",
    "name": "Tursup",
    "order": 2,
    "raw": "Tursup - Male - Aries - 57 - 70 - Lancer - Draw Out - Counter - Equip Bow - Jump+3 - Dragon Whisker - Gold Shield - Genji Helmet - Diamond Armor - 108 Gems - Level Jump8, Vertical Jump3 - Koutetsu, Heaven's Cloud",
    "reactSkill": "Counter",
    "subAbilities": [
      "Koutetsu",
      "Heaven's Cloud",
    ],
    "subSkill": "Draw Out",
    "supportSkill": "Equip Bow",
    "teamName": "black",
    "zodiac": "Aries",
  },
  {
    "brave": "68",
    "class": "Knight",
    "equipment": [
      "Broad Sword",
      "Diamond Shield",
      "Diamond Helmet",
      "Linen Robe",
      "Reflect Ring",
    ],
    "faith": "74",
    "gender": "Female",
    "mainAbilities": [
      "Shield Break",
      "Mind Break",
      "Dark Sword",
    ],
    "moveSkill": "Ignore Height",
    "name": "DerangedShadow",
    "order": 3,
    "raw": "DerangedShadow - Female - Capricorn - 68 - 74 - Knight - Punch Art - Parry - Attack UP - Ignore Height - Broad Sword - Diamond Shield - Diamond Helmet - Linen Robe - Reflect Ring - Shield Break, Mind Break, Dark Sword - Purification, Revive",
    "reactSkill": "Parry",
    "subAbilities": [
      "Purification",
      "Revive",
    ],
    "subSkill": "Punch Art",
    "supportSkill": "Attack UP",
    "teamName": "black",
    "zodiac": "Capricorn",
  },
]
`;

exports[`loadTeamFromString > loads the blue team correctly 1`] = `
[
  {
    "brave": "65",
    "class": "Mime",
    "equipment": [
      "Golden Hairpin",
      "Leather Outfit",
      "Defense Armlet",
    ],
    "faith": "52",
    "gender": "Female",
    "mainAbilities": [
      "Mimic",
    ],
    "moveSkill": "Waterbreathing",
    "name": "Felbourne",
    "order": 0,
    "raw": "Felbourne - Female - Scorpio - 65 - 52 - Mime -  - Caution - Attack UP - Waterbreathing - Golden Hairpin - Leather Outfit - Defense Armlet - Mimic - ",
    "reactSkill": "Caution",
    "subAbilities": [],
    "subSkill": "",
    "supportSkill": "Attack UP",
    "teamName": "blue",
    "zodiac": "Scorpio",
  },
  {
    "brave": "67",
    "class": "Mime",
    "equipment": [
      "Crystal Shield",
      "Black Hood",
      "Leather Outfit",
      "Defense Ring",
    ],
    "faith": "46",
    "gender": "Male",
    "mainAbilities": [
      "Mimic",
    ],
    "moveSkill": "Waterwalking",
    "name": "RagequitSA",
    "order": 1,
    "raw": "RagequitSA - Male - Cancer - 67 - 46 - Mime -  - Distribute - Equip Shield - Waterwalking - Crystal Shield - Black Hood - Leather Outfit - Defense Ring - Mimic - ",
    "reactSkill": "Distribute",
    "subAbilities": [],
    "subSkill": "",
    "supportSkill": "Equip Shield",
    "teamName": "blue",
    "zodiac": "Cancer",
  },
  {
    "brave": "76",
    "class": "Thief",
    "equipment": [
      "Assassin Dagger",
      "Flash Hat",
      "Black Costume",
      "Battle Boots",
    ],
    "faith": "64",
    "gender": "Female",
    "mainAbilities": [
      "Gil Taking",
      "Steal Heart",
      "Steal Helmet",
      "Steal Armor",
      "Steal Weapon",
      "Steal Accessory",
      "Leg Aim",
    ],
    "moveSkill": "Levitate",
    "name": "Wackman3000",
    "order": 2,
    "raw": "Wackman3000 - Female - Taurus - 76 - 64 - Thief - Elemental - Distribute - Equip Gun - Levitate - Assassin Dagger - Flash Hat - Black Costume - Battle Boots - Gil Taking, Steal Heart, Steal Helmet, Steal Armor, Steal Weapon, Steal Accessory, Leg Aim - Pitfall, Hell Ivy, Hallowed Ground, Local Quake, Static Shock, Will-O-Wisp, Quicksand, Sand Storm, Blizzard, Gusty Wind, Lava Ball",
    "reactSkill": "Distribute",
    "subAbilities": [
      "Pitfall",
      "Hell Ivy",
      "Hallowed Ground",
      "Local Quake",
      "Static Shock",
      "Will-O-Wisp",
      "Quicksand",
      "Sand Storm",
      "Blizzard",
      "Gusty Wind",
      "Lava Ball",
    ],
    "subSkill": "Elemental",
    "supportSkill": "Equip Gun",
    "teamName": "blue",
    "zodiac": "Taurus",
  },
  {
    "brave": "50",
    "class": "Chemist",
    "equipment": [
      "Romanda Gun",
      "Mythril Gun",
      "Headgear",
      "Chain Vest",
      "Dracula Mantle",
    ],
    "faith": "74",
    "gender": "Male",
    "mainAbilities": [
      "Potion",
      "Hi-Potion",
      "X-Potion",
      "Soft",
      "Holy Water",
      "Phoenix Down",
    ],
    "moveSkill": "Move-HP Up",
    "name": "ChiefChiefman",
    "order": 3,
    "raw": "ChiefChiefman - Male - Cancer - 50 - 74 - Chemist - Elemental - MP Restore - Dual Wield - Move-HP Up - Romanda Gun - Mythril Gun - Headgear - Chain Vest - Dracula Mantle - Potion, Hi-Potion, X-Potion, Soft, Holy Water, Phoenix Down - Pitfall, Water Ball, Hallowed Ground, Will-O-Wisp, Blizzard",
    "reactSkill": "MP Restore",
    "subAbilities": [
      "Pitfall",
      "Water Ball",
      "Hallowed Ground",
      "Will-O-Wisp",
      "Blizzard",
    ],
    "subSkill": "Elemental",
    "supportSkill": "Dual Wield",
    "teamName": "blue",
    "zodiac": "Cancer",
  },
]
`;

exports[`loadTeamFromString > loads the brown team correctly 1`] = `
[
  {
    "brave": "74",
    "class": "Ultima Demon",
    "equipment": [],
    "faith": "55",
    "gender": "Monster",
    "mainAbilities": [],
    "moveSkill": undefined,
    "name": "Ragnarok784",
    "order": 0,
    "raw": "Ragnarok784 - Monster - Aquarius - 74 - 55 - Ultima Demon",
    "reactSkill": undefined,
    "subAbilities": [],
    "subSkill": undefined,
    "supportSkill": undefined,
    "teamName": "brown",
    "zodiac": "Aquarius",
  },
  {
    "brave": "76",
    "class": "Squire",
    "equipment": [
      "Cross Bow",
      "Black Hood",
      "Chain Vest",
      "108 Gems",
    ],
    "faith": "50",
    "gender": "Male",
    "mainAbilities": [
      "Accumulate",
      "Throw Stone",
      "Heal",
      "Tickle",
    ],
    "moveSkill": "Move+1",
    "name": "MaouDono",
    "order": 1,
    "raw": "MaouDono - Male - Taurus - 76 - 50 - Squire - Sing - Blade Grasp - Beastmaster - Move+1 - Cross Bow - Black Hood - Chain Vest - 108 Gems - Accumulate, Throw Stone, Heal, Tickle - Life Song, Cheer Song, Nameless Song, Space Storage",
    "reactSkill": "Blade Grasp",
    "subAbilities": [
      "Life Song",
      "Cheer Song",
      "Nameless Song",
      "Space Storage",
    ],
    "subSkill": "Sing",
    "supportSkill": "Beastmaster",
    "teamName": "brown",
    "zodiac": "Taurus",
  },
  {
    "brave": "74",
    "class": "Chemist",
    "equipment": [
      "Cute Bag",
      "Cultist Dagger",
      "Green Beret",
      "Leather Outfit",
      "Germinas Boots",
    ],
    "faith": "62",
    "gender": "Female",
    "mainAbilities": [
      "Potion",
      "Holy Water",
    ],
    "moveSkill": "Ignore Terrain",
    "name": "SweetHat",
    "order": 2,
    "raw": "SweetHat - Female - Cancer - 74 - 62 - Chemist - Charge - Absorb Used MP - Dual Wield - Ignore Terrain - Cute Bag - Cultist Dagger - Green Beret - Leather Outfit - Germinas Boots - Potion, Holy Water - Charge+2, Charge+5, Charge+7, Charge+10",
    "reactSkill": "Absorb Used MP",
    "subAbilities": [
      "Charge+2",
      "Charge+5",
      "Charge+7",
      "Charge+10",
    ],
    "subSkill": "Charge",
    "supportSkill": "Dual Wield",
    "teamName": "brown",
    "zodiac": "Cancer",
  },
  {
    "brave": "43",
    "class": "Steel Giant",
    "equipment": [],
    "faith": "59",
    "gender": "Monster",
    "mainAbilities": [],
    "moveSkill": undefined,
    "name": "Namillus",
    "order": 3,
    "raw": "Namillus - Monster - Gemini - 43 - 59 - Steel Giant",
    "reactSkill": undefined,
    "subAbilities": [],
    "subSkill": undefined,
    "supportSkill": undefined,
    "teamName": "brown",
    "zodiac": "Gemini",
  },
]
`;

exports[`loadTeamFromString > loads the champion team correctly 1`] = `
[
  {
    "brave": "45",
    "class": "Archer",
    "equipment": [
      "Blaze Gun",
      "Crystal Shield",
      "Flash Hat",
      "Power Sleeve",
      "Feather Mantle",
    ],
    "faith": "72",
    "gender": "Male",
    "mainAbilities": [
      "Charge+4",
      "Charge+10",
      "Charge+20",
    ],
    "moveSkill": "Ignore Terrain",
    "name": "Roamer31",
    "order": 0,
    "raw": "Roamer31 - Male - Scorpio - 45 - 72 - Archer - Basic Skill - Distribute - Magic Attack UP - Ignore Terrain - Blaze Gun - Crystal Shield - Flash Hat - Power Sleeve - Feather Mantle - Charge+4, Charge+10, Charge+20 - Accumulate, Dash, Heal, Scream",
    "reactSkill": "Distribute",
    "subAbilities": [
      "Accumulate",
      "Dash",
      "Heal",
      "Scream",
    ],
    "subSkill": "Basic Skill",
    "supportSkill": "Magic Attack UP",
    "teamName": "champion",
    "zodiac": "Scorpio",
  },
  {
    "brave": "70",
    "class": "Chemist",
    "equipment": [
      "Hydra Bag",
      "Twist Headband",
      "Power Sleeve",
      "Feather Mantle",
    ],
    "faith": "63",
    "gender": "Female",
    "mainAbilities": [
      "Potion",
      "X-Potion",
      "Hi-Ether",
      "Antidote",
      "Eye Drop",
      "Maiden's Kiss",
      "Soft",
      "Phoenix Down",
    ],
    "moveSkill": "Levitate",
    "name": "Koryiaki",
    "order": 1,
    "raw": "Koryiaki - Female - Cancer - 70 - 63 - Chemist - Time Magic - PA Save - Halve MP - Levitate - Hydra Bag - Twist Headband - Power Sleeve - Feather Mantle - Potion, X-Potion, Hi-Ether, Antidote, Eye Drop, Maiden's Kiss, Soft, Phoenix Down - Haste, Haste 2, Slow, Immobilize, Quick, Demi, Demi 2, Stabilize Time",
    "reactSkill": "PA Save",
    "subAbilities": [
      "Haste",
      "Haste 2",
      "Slow",
      "Immobilize",
      "Quick",
      "Demi",
      "Demi 2",
      "Stabilize Time",
    ],
    "subSkill": "Time Magic",
    "supportSkill": "Halve MP",
    "teamName": "champion",
    "zodiac": "Cancer",
  },
  {
    "brave": "56",
    "class": "Knight",
    "equipment": [
      "Defender",
      "Genji Helmet",
      "Linen Robe",
      "Leather Mantle",
    ],
    "faith": "73",
    "gender": "Female",
    "mainAbilities": [
      "Weapon Break",
      "Speed Break",
      "Mind Break",
      "Stasis Sword",
    ],
    "moveSkill": "Move+1",
    "name": "Wackman3000",
    "order": 2,
    "raw": "Wackman3000 - Female - Libra - 56 - 73 - Knight - Charge - Abandon - Sicken - Move+1 - Defender - Genji Helmet - Linen Robe - Leather Mantle - Weapon Break, Speed Break, Mind Break, Stasis Sword - Charge+2, Charge+3, Charge+5",
    "reactSkill": "Abandon",
    "subAbilities": [
      "Charge+2",
      "Charge+3",
      "Charge+5",
    ],
    "subSkill": "Charge",
    "supportSkill": "Sicken",
    "teamName": "champion",
    "zodiac": "Libra",
  },
  {
    "brave": "54",
    "class": "Ninja",
    "equipment": [
      "Asura Knife",
      "Kikuichimoji",
      "Red Hood",
      "Mythril Vest",
      "Germinas Boots",
    ],
    "faith": "65",
    "gender": "Male",
    "mainAbilities": [
      "Shuriken",
    ],
    "moveSkill": "Move+3",
    "name": "Grininda",
    "order": 3,
    "raw": "Grininda - Male - Gemini - 54 - 65 - Ninja - Charge - Hamedo - Equip Sword - Move+3 - Asura Knife - Kikuichimoji - Red Hood - Mythril Vest - Germinas Boots - Shuriken - Charge+1, Charge+3, Charge+4, Charge+10",
    "reactSkill": "Hamedo",
    "subAbilities": [
      "Charge+1",
      "Charge+3",
      "Charge+4",
      "Charge+10",
    ],
    "subSkill": "Charge",
    "supportSkill": "Equip Sword",
    "teamName": "champion",
    "zodiac": "Gemini",
  },
]
`;

exports[`loadTeamFromString > loads the green team correctly 1`] = `
[
  {
    "brave": "67",
    "class": "Geomancer",
    "equipment": [
      "Sleep Sword",
      "Crystal Shield",
      "Golden Hairpin",
      "White Robe",
      "Wizard Mantle",
    ],
    "faith": "70",
    "gender": "Female",
    "mainAbilities": [
      "Pitfall",
      "Water Ball",
      "Hell Ivy",
      "Local Quake",
      "Sand Storm",
      "Blizzard",
      "Gusty Wind",
      "Lava Ball",
    ],
    "moveSkill": "Levitate",
    "name": "Kithmar796",
    "order": 0,
    "raw": "Kithmar796 - Female - Libra - 67 - 70 - Geomancer - Item - Faith Up - Magic Defense UP - Levitate - Sleep Sword - Crystal Shield - Golden Hairpin - White Robe - Wizard Mantle - Pitfall, Water Ball, Hell Ivy, Local Quake, Sand Storm, Blizzard, Gusty Wind, Lava Ball - Potion, Hi-Potion, X-Potion, Antidote, Eye Drop, Echo Grass, Maiden's Kiss, Soft, Phoenix Down",
    "reactSkill": "Faith Up",
    "subAbilities": [
      "Potion",
      "Hi-Potion",
      "X-Potion",
      "Antidote",
      "Eye Drop",
      "Echo Grass",
      "Maiden's Kiss",
      "Soft",
      "Phoenix Down",
    ],
    "subSkill": "Item",
    "supportSkill": "Magic Defense UP",
    "teamName": "green",
    "zodiac": "Libra",
  },
  {
    "brave": "66",
    "class": "Ochu",
    "equipment": [],
    "faith": "75",
    "gender": "Monster",
    "mainAbilities": [],
    "moveSkill": undefined,
    "name": "Dirty Naise",
    "order": 1,
    "raw": "Dirty Naise - Monster - Aries - 66 - 75 - Ochu",
    "reactSkill": undefined,
    "subAbilities": [],
    "subSkill": undefined,
    "supportSkill": undefined,
    "teamName": "green",
    "zodiac": "Aries",
  },
  {
    "brave": "59",
    "class": "Ninja",
    "equipment": [
      "Dagger",
      "Ninja Edge",
      "Twist Headband",
      "Clothes",
      "Power Wrist",
    ],
    "faith": "63",
    "gender": "Female",
    "mainAbilities": [
      "Bomb",
      "Knife",
    ],
    "moveSkill": "Retreat",
    "name": "HughJeffner",
    "order": 2,
    "raw": "HughJeffner - Female - Aries - 59 - 63 - Ninja - Draw Out - Counter - Concentrate - Retreat - Dagger - Ninja Edge - Twist Headband - Clothes - Power Wrist - Bomb, Knife - Asura, Koutetsu, Bizen Boat, Kiyomori",
    "reactSkill": "Counter",
    "subAbilities": [
      "Asura",
      "Koutetsu",
      "Bizen Boat",
      "Kiyomori",
    ],
    "subSkill": "Draw Out",
    "supportSkill": "Concentrate",
    "teamName": "green",
    "zodiac": "Aries",
  },
  {
    "brave": "46",
    "class": "Chemist",
    "equipment": [
      "Main Gauche",
      "Panther Bag",
      "Twist Headband",
      "Adaman Vest",
      "Magic Gauntlet",
    ],
    "faith": "74",
    "gender": "Female",
    "mainAbilities": [
      "Potion",
      "Ether",
      "Hi-Ether",
      "Antidote",
      "Maiden's Kiss",
      "Phoenix Down",
    ],
    "moveSkill": "Jump+1",
    "name": "Tikotikotiko",
    "order": 3,
    "raw": "Tikotikotiko - Female - Gemini - 46 - 74 - Chemist - Yin Yang Magic - PA Save - Dual Wield - Jump+1 - Main Gauche - Panther Bag - Twist Headband - Adaman Vest - Magic Gauntlet - Potion, Ether, Hi-Ether, Antidote, Maiden's Kiss, Phoenix Down - Poison, Confusion Song, Dispel Magic, Paralyze, Sleep, Dark Holy",
    "reactSkill": "PA Save",
    "subAbilities": [
      "Poison",
      "Confusion Song",
      "Dispel Magic",
      "Paralyze",
      "Sleep",
      "Dark Holy",
    ],
    "subSkill": "Yin Yang Magic",
    "supportSkill": "Dual Wield",
    "teamName": "green",
    "zodiac": "Gemini",
  },
]
`;

exports[`loadTeamFromString > loads the purple team correctly 1`] = `
[
  {
    "brave": "73",
    "class": "Cockatrice",
    "equipment": [],
    "faith": "49",
    "gender": "Monster",
    "mainAbilities": [],
    "moveSkill": undefined,
    "name": "Howplausible",
    "order": 0,
    "raw": "Howplausible - Monster - Aries - 73 - 49 - Cockatrice",
    "reactSkill": undefined,
    "subAbilities": [],
    "subSkill": undefined,
    "supportSkill": undefined,
    "teamName": "purple",
    "zodiac": "Aries",
  },
  {
    "brave": "40",
    "class": "Thief",
    "equipment": [
      "Broad Sword",
      "Headgear",
      "Judo Outfit",
      "Leather Mantle",
    ],
    "faith": "60",
    "gender": "Female",
    "mainAbilities": [
      "Steal Weapon",
      "Steal Status",
      "Arm Aim",
    ],
    "moveSkill": "Lava Walking",
    "name": "Super Robo Mg",
    "order": 1,
    "raw": "Super Robo Mg - Female - Gemini - 40 - 60 - Thief - Basic Skill - Blade Grasp - Magic Defense UP - Lava Walking - Broad Sword - Headgear - Judo Outfit - Leather Mantle - Steal Weapon, Steal Status, Arm Aim - Throw Stone, Heal, Tickle, Wish",
    "reactSkill": "Blade Grasp",
    "subAbilities": [
      "Throw Stone",
      "Heal",
      "Tickle",
      "Wish",
    ],
    "subSkill": "Basic Skill",
    "supportSkill": "Magic Defense UP",
    "teamName": "purple",
    "zodiac": "Gemini",
  },
  {
    "brave": "47",
    "class": "Tiamat",
    "equipment": [],
    "faith": "70",
    "gender": "Monster",
    "mainAbilities": [],
    "moveSkill": undefined,
    "name": "Grandpataylor",
    "order": 2,
    "raw": "Grandpataylor - Monster - Virgo - 47 - 70 - Tiamat",
    "reactSkill": undefined,
    "subAbilities": [],
    "subSkill": undefined,
    "supportSkill": undefined,
    "teamName": "purple",
    "zodiac": "Virgo",
  },
  {
    "brave": "80",
    "class": "Archer",
    "equipment": [
      "Heaven's Cloud",
      "Crystal Shield",
      "Flash Hat",
      "Brigandine",
      "N-Kai Armlet",
    ],
    "faith": "80",
    "gender": "Male",
    "mainAbilities": [
      "Charge+1",
      "Charge+2",
      "Charge+4",
      "Charge+5",
    ],
    "moveSkill": "Fly",
    "name": "Masan001",
    "order": 3,
    "raw": "Masan001 - Male - Taurus - 80 - 80 - Archer - Punch Art - Faith Up - Equip Sword - Fly - Heaven's Cloud - Crystal Shield - Flash Hat - Brigandine - N-Kai Armlet - Charge+1, Charge+2, Charge+4, Charge+5 - Spin Fist, Pummel, Wave Fist, Secret Fist, Purification, Revive",
    "reactSkill": "Faith Up",
    "subAbilities": [
      "Spin Fist",
      "Pummel",
      "Wave Fist",
      "Secret Fist",
      "Purification",
      "Revive",
    ],
    "subSkill": "Punch Art",
    "supportSkill": "Equip Sword",
    "teamName": "purple",
    "zodiac": "Taurus",
  },
]
`;

exports[`loadTeamFromString > loads the red team correctly 1`] = `
[
  {
    "brave": "72",
    "class": "Porky",
    "equipment": [],
    "faith": "44",
    "gender": "Monster",
    "mainAbilities": [],
    "moveSkill": undefined,
    "name": "KIYOMORI",
    "order": 0,
    "raw": "KIYOMORI - Monster - Pisces - 72 - 44 - Porky",
    "reactSkill": undefined,
    "subAbilities": [],
    "subSkill": undefined,
    "supportSkill": undefined,
    "teamName": "red",
    "zodiac": "Pisces",
  },
  {
    "brave": "62",
    "class": "Ultima Demon",
    "equipment": [],
    "faith": "64",
    "gender": "Monster",
    "mainAbilities": [],
    "moveSkill": undefined,
    "name": "Zmobie",
    "order": 1,
    "raw": "Zmobie - Monster - Capricorn - 62 - 64 - Ultima Demon",
    "reactSkill": undefined,
    "subAbilities": [],
    "subSkill": undefined,
    "supportSkill": undefined,
    "teamName": "red",
    "zodiac": "Capricorn",
  },
  {
    "brave": "42",
    "class": "Sekhret",
    "equipment": [],
    "faith": "50",
    "gender": "Monster",
    "mainAbilities": [],
    "moveSkill": undefined,
    "name": "ShintaroNayaka",
    "order": 2,
    "raw": "ShintaroNayaka - Monster - Capricorn - 42 - 50 - Sekhret",
    "reactSkill": undefined,
    "subAbilities": [],
    "subSkill": undefined,
    "supportSkill": undefined,
    "teamName": "red",
    "zodiac": "Capricorn",
  },
  {
    "brave": "65",
    "class": "Priest",
    "equipment": [
      "Oak Staff",
      "Thief Hat",
      "Leather Vest",
      "Dracula Mantle",
    ],
    "faith": "68",
    "gender": "Male",
    "mainAbilities": [
      "Cure 2",
      "Raise",
      "Regen",
      "Esuna",
    ],
    "moveSkill": "Jump+3",
    "name": "Cyuub",
    "order": 3,
    "raw": "Cyuub - Male - Gemini - 65 - 68 - Priest - Time Magic - Absorb Used MP - Beastmaster - Jump+3 - Oak Staff - Thief Hat - Leather Vest - Dracula Mantle - Cure 2, Raise, Regen, Esuna - Slow 2, Stop, Stabilize Time, Galaxy Stop",
    "reactSkill": "Absorb Used MP",
    "subAbilities": [
      "Slow 2",
      "Stop",
      "Stabilize Time",
      "Galaxy Stop",
    ],
    "subSkill": "Time Magic",
    "supportSkill": "Beastmaster",
    "teamName": "red",
    "zodiac": "Gemini",
  },
]
`;

exports[`loadTeamFromString > loads the white team correctly 1`] = `
[
  {
    "brave": "59",
    "class": "Ultima Demon",
    "equipment": [],
    "faith": "63",
    "gender": "Monster",
    "mainAbilities": [],
    "moveSkill": undefined,
    "name": "Jarekx123",
    "order": 0,
    "raw": "Jarekx123 - Monster - Libra - 59 - 63 - Ultima Demon",
    "reactSkill": undefined,
    "subAbilities": [],
    "subSkill": undefined,
    "supportSkill": undefined,
    "teamName": "white",
    "zodiac": "Libra",
  },
  {
    "brave": "63",
    "class": "Lancer",
    "equipment": [
      "Dragon Whisker",
      "Barbuta",
      "Wizard Robe",
      "Elf Mantle",
    ],
    "faith": "53",
    "gender": "Male",
    "mainAbilities": [
      "Level Jump8",
      "Vertical Jump8",
    ],
    "moveSkill": "Levitate",
    "name": "AniZero",
    "order": 1,
    "raw": "AniZero - Male - Gemini - 63 - 53 - Lancer - Summon Magic - Critical Quick - Doublehand - Levitate - Dragon Whisker - Barbuta - Wizard Robe - Elf Mantle - Level Jump8, Vertical Jump8 - Moogle, Carbunkle, Bahamut, Salamander, Fairy",
    "reactSkill": "Critical Quick",
    "subAbilities": [
      "Moogle",
      "Carbunkle",
      "Bahamut",
      "Salamander",
      "Fairy",
    ],
    "subSkill": "Summon Magic",
    "supportSkill": "Doublehand",
    "teamName": "white",
    "zodiac": "Gemini",
  },
  {
    "brave": "72",
    "class": "Bard",
    "equipment": [
      "Flame Whip",
      "Headgear",
      "Brigandine",
      "Reflect Ring",
    ],
    "faith": "47",
    "gender": "Male",
    "mainAbilities": [
      "Cheer Song",
      "Battle Song",
      "Hydra Pit",
    ],
    "moveSkill": "Ignore Height",
    "name": "Glennfk",
    "order": 2,
    "raw": "Glennfk - Male - Virgo - 72 - 47 - Bard - Throw - Critical Quick - Equip Axe - Ignore Height - Flame Whip - Headgear - Brigandine - Reflect Ring - Cheer Song, Battle Song, Hydra Pit - Hammer, Staff, Spear",
    "reactSkill": "Critical Quick",
    "subAbilities": [
      "Hammer",
      "Staff",
      "Spear",
    ],
    "subSkill": "Throw",
    "supportSkill": "Equip Axe",
    "teamName": "white",
    "zodiac": "Virgo",
  },
  {
    "brave": "69",
    "class": "Archer",
    "equipment": [
      "Hunting Bow",
      "Diamond Shield",
      "Feather Hat",
      "Clothes",
      "Small Mantle",
    ],
    "faith": "42",
    "gender": "Male",
    "mainAbilities": [
      "Charge+1",
      "Charge+2",
      "Charge+7",
      "Charge+10",
    ],
    "moveSkill": "Waterwalking",
    "name": "Alaylle",
    "order": 3,
    "raw": "Alaylle - Male - Scorpio - 69 - 42 - Archer - Talk Skill - Mana Shield - Monster Talk - Waterwalking - Hunting Bow - Diamond Shield - Feather Hat - Clothes - Small Mantle - Charge+1, Charge+2, Charge+7, Charge+10 - Invitation, Threaten, Solution, Negotiate, Refute, Rehabilitate",
    "reactSkill": "Mana Shield",
    "subAbilities": [
      "Invitation",
      "Threaten",
      "Solution",
      "Negotiate",
      "Refute",
      "Rehabilitate",
    ],
    "subSkill": "Talk Skill",
    "supportSkill": "Monster Talk",
    "teamName": "white",
    "zodiac": "Scorpio",
  },
]
`;

exports[`loadTeamFromString > loads the yellow team correctly 1`] = `
[
  {
    "brave": "38",
    "class": "Squire",
    "equipment": [
      "Air Knife",
      "Black Hood",
      "Black Robe",
      "Sprint Shoes",
    ],
    "faith": "65",
    "gender": "Female",
    "mainAbilities": [
      "Throw Stone",
      "Heal",
      "Tickle",
    ],
    "moveSkill": "Jump+2",
    "name": "Oknamo",
    "order": 0,
    "raw": "Oknamo - Female - Serpentarius - 38 - 65 - Squire - Elemental - Dragon Spirit - Beastmaster - Jump+2 - Air Knife - Black Hood - Black Robe - Sprint Shoes - Throw Stone, Heal, Tickle - Pitfall, Local Quake, Static Shock, Quicksand, Blizzard, Lava Ball",
    "reactSkill": "Dragon Spirit",
    "subAbilities": [
      "Pitfall",
      "Local Quake",
      "Static Shock",
      "Quicksand",
      "Blizzard",
      "Lava Ball",
    ],
    "subSkill": "Elemental",
    "supportSkill": "Beastmaster",
    "teamName": "yellow",
    "zodiac": "Serpentarius",
  },
  {
    "brave": "43",
    "class": "Samurai",
    "equipment": [
      "Sleep Sword",
      "Diamond Helmet",
      "Wizard Robe",
      "Bracer",
    ],
    "faith": "48",
    "gender": "Female",
    "mainAbilities": [
      "Asura",
      "Muramasa",
    ],
    "moveSkill": "Retreat",
    "name": "AStatue",
    "order": 1,
    "raw": "AStatue - Female - Aquarius - 43 - 48 - Samurai - Summon Magic - Abandon - Equip Sword - Retreat - Sleep Sword - Diamond Helmet - Wizard Robe - Bracer - Asura, Muramasa - Moogle, Ramuh, Bahamut",
    "reactSkill": "Abandon",
    "subAbilities": [
      "Moogle",
      "Ramuh",
      "Bahamut",
    ],
    "subSkill": "Summon Magic",
    "supportSkill": "Equip Sword",
    "teamName": "yellow",
    "zodiac": "Aquarius",
  },
  {
    "brave": "61",
    "class": "Ninja",
    "equipment": [
      "Orichalcum",
      "Iga Knife",
      "Thief Hat",
      "Leather Outfit",
      "N-Kai Armlet",
    ],
    "faith": "41",
    "gender": "Female",
    "mainAbilities": [
      "Shuriken",
      "Bomb",
      "Sword",
    ],
    "moveSkill": "Lava Walking",
    "name": "Yayifications",
    "order": 2,
    "raw": "Yayifications - Female - Scorpio - 61 - 41 - Ninja - Summon Magic - Counter - Concentrate - Lava Walking - Orichalcum - Iga Knife - Thief Hat - Leather Outfit - N-Kai Armlet - Shuriken, Bomb, Sword - Moogle, Ramuh, Titan, Golem, Bahamut, Leviathan",
    "reactSkill": "Counter",
    "subAbilities": [
      "Moogle",
      "Ramuh",
      "Titan",
      "Golem",
      "Bahamut",
      "Leviathan",
    ],
    "subSkill": "Summon Magic",
    "supportSkill": "Concentrate",
    "teamName": "yellow",
    "zodiac": "Scorpio",
  },
  {
    "brave": "64",
    "class": "Thief",
    "equipment": [
      "Blind Knife",
      "Genji Helmet",
      "Wizard Robe",
      "N-Kai Armlet",
    ],
    "faith": "63",
    "gender": "Male",
    "mainAbilities": [
      "Gil Taking",
      "Steal Heart",
      "Arm Aim",
      "Leg Aim",
    ],
    "moveSkill": "Jump+1",
    "name": "Brojimbo",
    "order": 3,
    "raw": "Brojimbo - Male - Virgo - 64 - 63 - Thief - Yin Yang Magic - Critical Quick - Equip Armor - Jump+1 - Blind Knife - Genji Helmet - Wizard Robe - N-Kai Armlet - Gil Taking, Steal Heart, Arm Aim, Leg Aim - Blind, Poison, Blind Rage, Foxbird, Dispel Magic",
    "reactSkill": "Critical Quick",
    "subAbilities": [
      "Blind",
      "Poison",
      "Blind Rage",
      "Foxbird",
      "Dispel Magic",
    ],
    "subSkill": "Yin Yang Magic",
    "supportSkill": "Equip Armor",
    "teamName": "yellow",
    "zodiac": "Virgo",
  },
]
`;
